
  .   ____          _            __ _ _
 /\\ / ___'_ __ _ _(_)_ __  __ _ \ \ \ \
( ( )\___ | '_ | '_| | '_ \/ _` | \ \ \ \
 \\/  ___)| |_)| | | | | || (_| |  ) ) ) )
  '  |____| .__|_| |_|_| |_\__, | / / / /
 =========|_|==============|___/=/_/_/_/
 :: Spring Boot ::                (v3.2.4)

2026-04-29T00:08:35.793-05:00  INFO 44612 --- [loadroute-backend] [           main] com.loadroute.LoadRouteApplication       : Starting LoadRouteApplication v0.2.0 using Java 22.0.2 with PID 44612 (C:\Users\YORDAN\Documents\GitHub\LoadRoute_yordan\LoadRoute-Backend\target\loadroute-backend-0.2.0.jar started by YORDAN in C:\Users\YORDAN\Documents\GitHub\LoadRoute_yordan\LoadRoute-Backend)
2026-04-29T00:08:35.794-05:00 DEBUG 44612 --- [loadroute-backend] [           main] com.loadroute.LoadRouteApplication       : Running with Spring Boot v3.2.4, Spring v6.1.5
2026-04-29T00:08:35.794-05:00  INFO 44612 --- [loadroute-backend] [           main] com.loadroute.LoadRouteApplication       : No active profile set, falling back to 1 default profile: "default"
2026-04-29T00:08:36.451-05:00  INFO 44612 --- [loadroute-backend] [           main] o.s.b.w.embedded.tomcat.TomcatWebServer  : Tomcat initialized with port 8080 (http)
2026-04-29T00:08:36.458-05:00  INFO 44612 --- [loadroute-backend] [           main] o.apache.catalina.core.StandardService   : Starting service [Tomcat]
2026-04-29T00:08:36.458-05:00  INFO 44612 --- [loadroute-backend] [           main] o.apache.catalina.core.StandardEngine    : Starting Servlet engine: [Apache Tomcat/10.1.19]
2026-04-29T00:08:36.486-05:00  INFO 44612 --- [loadroute-backend] [           main] o.a.c.c.C.[Tomcat].[localhost].[/]       : Initializing Spring embedded WebApplicationContext
2026-04-29T00:08:36.486-05:00  INFO 44612 --- [loadroute-backend] [           main] w.s.c.ServletWebServerApplicationContext : Root WebApplicationContext: initialization completed in 651 ms
2026-04-29T00:08:36.719-05:00  INFO 44612 --- [loadroute-backend] [           main] o.s.b.w.embedded.tomcat.TomcatWebServer  : Tomcat started on port 8080 (http) with context path ''
2026-04-29T00:08:36.736-05:00  INFO 44612 --- [loadroute-backend] [           main] com.loadroute.LoadRouteApplication       : Started LoadRouteApplication in 1.309 seconds (process running for 1.664)
2026-04-29T00:08:43.056-05:00  INFO 44612 --- [loadroute-backend] [nio-8080-exec-1] o.a.c.c.C.[Tomcat].[localhost].[/]       : Initializing Spring DispatcherServlet 'dispatcherServlet'
2026-04-29T00:08:43.056-05:00  INFO 44612 --- [loadroute-backend] [nio-8080-exec-1] o.s.web.servlet.DispatcherServlet        : Initializing Servlet 'dispatcherServlet'
2026-04-29T00:08:43.056-05:00  INFO 44612 --- [loadroute-backend] [nio-8080-exec-1] o.s.web.servlet.DispatcherServlet        : Completed initialization in 0 ms
2026-04-29T00:12:45.587-05:00  INFO 44612 --- [loadroute-backend] [pool-2-thread-1] c.l.service.RuteoAlgoritmoService        : Parseando archivos de datos...
2026-04-29T00:12:45.595-05:00  INFO 44612 --- [loadroute-backend] [pool-2-thread-1] com.loadroute.algorithm.parser.Parsers   : Aeropuertos cargados: 30
2026-04-29T00:12:45.616-05:00  INFO 44612 --- [loadroute-backend] [pool-2-thread-1] com.loadroute.algorithm.parser.Parsers   : Vuelos cargados: 2866 | omitidos: 0
2026-04-29T00:12:46.088-05:00  INFO 44612 --- [loadroute-backend] [pool-2-thread-1] com.loadroute.algorithm.parser.Parsers   : Envios cargados desde EBCI: 330005 | omitidos: 0
2026-04-29T00:12:46.435-05:00  INFO 44612 --- [loadroute-backend] [pool-2-thread-1] com.loadroute.algorithm.parser.Parsers   : Envios cargados desde EDDI: 344641 | omitidos: 0
2026-04-29T00:12:46.596-05:00  INFO 44612 --- [loadroute-backend] [pool-2-thread-1] com.loadroute.algorithm.parser.Parsers   : Envios cargados desde EHAM: 231212 | omitidos: 0
2026-04-29T00:12:46.788-05:00  INFO 44612 --- [loadroute-backend] [pool-2-thread-1] com.loadroute.algorithm.parser.Parsers   : Envios cargados desde EKCH: 249682 | omitidos: 0
2026-04-29T00:12:47.018-05:00  INFO 44612 --- [loadroute-backend] [pool-2-thread-1] com.loadroute.algorithm.parser.Parsers   : Envios cargados desde LATI: 298796 | omitidos: 0
2026-04-29T00:12:47.262-05:00  INFO 44612 --- [loadroute-backend] [pool-2-thread-1] com.loadroute.algorithm.parser.Parsers   : Envios cargados desde LBSF: 294766 | omitidos: 0
2026-04-29T00:12:47.484-05:00  INFO 44612 --- [loadroute-backend] [pool-2-thread-1] com.loadroute.algorithm.parser.Parsers   : Envios cargados desde LDZA: 240456 | omitidos: 0
2026-04-29T00:12:47.689-05:00  INFO 44612 --- [loadroute-backend] [pool-2-thread-1] com.loadroute.algorithm.parser.Parsers   : Envios cargados desde LKPR: 310680 | omitidos: 0
2026-04-29T00:12:48.001-05:00  INFO 44612 --- [loadroute-backend] [pool-2-thread-1] com.loadroute.algorithm.parser.Parsers   : Envios cargados desde LOWW: 323353 | omitidos: 0
2026-04-29T00:12:48.235-05:00  INFO 44612 --- [loadroute-backend] [pool-2-thread-1] com.loadroute.algorithm.parser.Parsers   : Envios cargados desde OAKB: 294102 | omitidos: 0
2026-04-29T00:12:48.471-05:00  INFO 44612 --- [loadroute-backend] [pool-2-thread-1] com.loadroute.algorithm.parser.Parsers   : Envios cargados desde OERK: 266875 | omitidos: 0
2026-04-29T00:12:48.841-05:00  INFO 44612 --- [loadroute-backend] [pool-2-thread-1] com.loadroute.algorithm.parser.Parsers   : Envios cargados desde OJAI: 347280 | omitidos: 0
2026-04-29T00:12:49.041-05:00  INFO 44612 --- [loadroute-backend] [pool-2-thread-1] com.loadroute.algorithm.parser.Parsers   : Envios cargados desde OMDB: 288087 | omitidos: 0
2026-04-29T00:12:49.305-05:00  INFO 44612 --- [loadroute-backend] [pool-2-thread-1] com.loadroute.algorithm.parser.Parsers   : Envios cargados desde OOMS: 301182 | omitidos: 0
2026-04-29T00:12:49.465-05:00  INFO 44612 --- [loadroute-backend] [pool-2-thread-1] com.loadroute.algorithm.parser.Parsers   : Envios cargados desde OPKC: 238023 | omitidos: 0
2026-04-29T00:12:49.788-05:00  INFO 44612 --- [loadroute-backend] [pool-2-thread-1] com.loadroute.algorithm.parser.Parsers   : Envios cargados desde OSDI: 368389 | omitidos: 0
2026-04-29T00:12:50.004-05:00  INFO 44612 --- [loadroute-backend] [pool-2-thread-1] com.loadroute.algorithm.parser.Parsers   : Envios cargados desde OYSN: 257867 | omitidos: 0
2026-04-29T00:12:50.261-05:00  INFO 44612 --- [loadroute-backend] [pool-2-thread-1] com.loadroute.algorithm.parser.Parsers   : Envios cargados desde SABE: 329935 | omitidos: 0
2026-04-29T00:12:50.613-05:00  INFO 44612 --- [loadroute-backend] [pool-2-thread-1] com.loadroute.algorithm.parser.Parsers   : Envios cargados desde SBBR: 459129 | omitidos: 0
2026-04-29T00:12:50.908-05:00  INFO 44612 --- [loadroute-backend] [pool-2-thread-1] com.loadroute.algorithm.parser.Parsers   : Envios cargados desde SCEL: 282091 | omitidos: 0
2026-04-29T00:12:51.123-05:00  INFO 44612 --- [loadroute-backend] [pool-2-thread-1] com.loadroute.algorithm.parser.Parsers   : Envios cargados desde SEQM: 283577 | omitidos: 0
2026-04-29T00:12:51.614-05:00  INFO 44612 --- [loadroute-backend] [pool-2-thread-1] com.loadroute.algorithm.parser.Parsers   : Envios cargados desde SGAS: 357306 | omitidos: 0
2026-04-29T00:12:51.887-05:00  INFO 44612 --- [loadroute-backend] [pool-2-thread-1] com.loadroute.algorithm.parser.Parsers   : Envios cargados desde SKBO: 380677 | omitidos: 0
2026-04-29T00:12:52.260-05:00  INFO 44612 --- [loadroute-backend] [pool-2-thread-1] com.loadroute.algorithm.parser.Parsers   : Envios cargados desde SLLP: 446729 | omitidos: 0
2026-04-29T00:12:52.537-05:00  INFO 44612 --- [loadroute-backend] [pool-2-thread-1] com.loadroute.algorithm.parser.Parsers   : Envios cargados desde SPIM: 361214 | omitidos: 0
2026-04-29T00:12:52.758-05:00  INFO 44612 --- [loadroute-backend] [pool-2-thread-1] com.loadroute.algorithm.parser.Parsers   : Envios cargados desde SUAA: 272225 | omitidos: 0
2026-04-29T00:12:53.024-05:00  INFO 44612 --- [loadroute-backend] [pool-2-thread-1] com.loadroute.algorithm.parser.Parsers   : Envios cargados desde SVMI: 268018 | omitidos: 0
2026-04-29T00:12:53.256-05:00  INFO 44612 --- [loadroute-backend] [pool-2-thread-1] com.loadroute.algorithm.parser.Parsers   : Envios cargados desde UBBB: 399085 | omitidos: 0
2026-04-29T00:12:53.553-05:00  INFO 44612 --- [loadroute-backend] [pool-2-thread-1] com.loadroute.algorithm.parser.Parsers   : Envios cargados desde UMMS: 456411 | omitidos: 0
2026-04-29T00:12:53.671-05:00  INFO 44612 --- [loadroute-backend] [pool-2-thread-1] com.loadroute.algorithm.parser.Parsers   : Envios cargados desde VIDP: 238202 | omitidos: 0
2026-04-29T00:12:53.802-05:00  INFO 44612 --- [loadroute-backend] [pool-2-thread-1] c.l.service.RuteoAlgoritmoService        : Datos cargados: 30 aeropuertos | 2866 vuelos | 9519995 envíos totales → 91210 tras filtro [20290101 a 20290105]
2026-04-29T00:13:00.731-05:00  INFO 44612 --- [loadroute-backend] [pool-2-thread-1] c.l.algorithm.SimulatedAnnealing         : SA-Opt inicio | T0=1000.0 | costo greedy: 1207588.00 | envios: 91210/91210
2026-04-29T00:13:02.317-05:00  INFO 44612 --- [loadroute-backend] [pool-2-thread-1] c.l.algorithm.SimulatedAnnealing         : SA-Opt reheat #1 | T=300.00 | costo: 1207588.00
2026-04-29T00:13:03.737-05:00  INFO 44612 --- [loadroute-backend] [pool-2-thread-1] c.l.algorithm.SimulatedAnnealing         : SA-Opt reheat #2 | T=90.00 | costo: 1207588.00
2026-04-29T00:13:05.056-05:00  INFO 44612 --- [loadroute-backend] [pool-2-thread-1] c.l.algorithm.SimulatedAnnealing         : SA-Opt reheat #3 | T=27.00 | costo: 1207587.00
2026-04-29T00:13:06.282-05:00  INFO 44612 --- [loadroute-backend] [pool-2-thread-1] c.l.algorithm.SimulatedAnnealing         : SA-Opt reheat #4 | T=8.10 | costo: 1207587.00
2026-04-29T00:13:07.373-05:00  INFO 44612 --- [loadroute-backend] [pool-2-thread-1] c.l.algorithm.SimulatedAnnealing         : SA-Opt reheat #5 | T=2.43 | costo: 1207587.00
2026-04-29T00:13:07.609-05:00  INFO 44612 --- [loadroute-backend] [pool-2-thread-1] c.l.algorithm.SimulatedAnnealing         : SA-Opt fin | iter: 7425 | reheats: 5 | mejoras: 39 | peores: 979 | cache: 2869 hits | costo: 1207588.00 -> 1207587.00 (0.0%) | tiempo: 13.8s
